// Jest Snapshot v1, https://goo.gl/fbAQLP

exports[`blocks: material/image-list: Save matches snapshot 1`] = `
Object {
  "asFragment": [Function],
  "baseElement": <body>
    <div>
      <div
        id="block-material-image-list-0"
      >
        <ul
          class="mdc-image-list mdc-image-list--masonry"
        >
          <li
            class="mdc-image-list__item"
          >
            <a
              class="mdc-image-list__item-wrap"
              href="https://i.picsum.photos/id/22/500/500.jpg"
            >
              <img
                alt="Example Image 1"
                class="mdc-image-list__image"
                data-id="1"
                data-link="http://example.com/image-1"
                src="https://i.picsum.photos/id/22/500/500.jpg"
              />
            </a>
          </li>
          <li
            class="mdc-image-list__item"
          >
            <a
              class="mdc-image-list__item-wrap"
              href="https://i.picsum.photos/id/22/500/500.jpg"
            >
              <img
                alt="Example Image 2"
                class="mdc-image-list__image"
                data-id="2"
                data-link="http://example.com/image-2"
                src="https://i.picsum.photos/id/22/500/500.jpg"
              />
            </a>
          </li>
        </ul>
      </div>
    </div>
  </body>,
  "container": <div>
    <div
      id="block-material-image-list-0"
    >
      <ul
        class="mdc-image-list mdc-image-list--masonry"
      >
        <li
          class="mdc-image-list__item"
        >
          <a
            class="mdc-image-list__item-wrap"
            href="https://i.picsum.photos/id/22/500/500.jpg"
          >
            <img
              alt="Example Image 1"
              class="mdc-image-list__image"
              data-id="1"
              data-link="http://example.com/image-1"
              src="https://i.picsum.photos/id/22/500/500.jpg"
            />
          </a>
        </li>
        <li
          class="mdc-image-list__item"
        >
          <a
            class="mdc-image-list__item-wrap"
            href="https://i.picsum.photos/id/22/500/500.jpg"
          >
            <img
              alt="Example Image 2"
              class="mdc-image-list__image"
              data-id="2"
              data-link="http://example.com/image-2"
              src="https://i.picsum.photos/id/22/500/500.jpg"
            />
          </a>
        </li>
      </ul>
    </div>
  </div>,
  "debug": [Function],
  "findAllByAltText": [Function],
  "findAllByDisplayValue": [Function],
  "findAllByLabelText": [Function],
  "findAllByPlaceholderText": [Function],
  "findAllByRole": [Function],
  "findAllByTestId": [Function],
  "findAllByText": [Function],
  "findAllByTitle": [Function],
  "findByAltText": [Function],
  "findByDisplayValue": [Function],
  "findByLabelText": [Function],
  "findByPlaceholderText": [Function],
  "findByRole": [Function],
  "findByTestId": [Function],
  "findByText": [Function],
  "findByTitle": [Function],
  "getAllByAltText": [Function],
  "getAllByDisplayValue": [Function],
  "getAllByLabelText": [Function],
  "getAllByPlaceholderText": [Function],
  "getAllByRole": [Function],
  "getAllByTestId": [Function],
  "getAllByText": [Function],
  "getAllByTitle": [Function],
  "getByAltText": [Function],
  "getByDisplayValue": [Function],
  "getByLabelText": [Function],
  "getByPlaceholderText": [Function],
  "getByRole": [Function],
  "getByTestId": [Function],
  "getByText": [Function],
  "getByTitle": [Function],
  "queryAllByAltText": [Function],
  "queryAllByDisplayValue": [Function],
  "queryAllByLabelText": [Function],
  "queryAllByPlaceholderText": [Function],
  "queryAllByRole": [Function],
  "queryAllByTestId": [Function],
  "queryAllByText": [Function],
  "queryAllByTitle": [Function],
  "queryByAltText": [Function],
  "queryByDisplayValue": [Function],
  "queryByLabelText": [Function],
  "queryByPlaceholderText": [Function],
  "queryByRole": [Function],
  "queryByTestId": [Function],
  "queryByText": [Function],
  "queryByTitle": [Function],
  "rerender": [Function],
  "unmount": [Function],
}
`;
