// Jest Snapshot v1, https://goo.gl/fbAQLP

exports[`blocks: material/tab-bar: Save matches snapshot 1`] = `
Object {
  "asFragment": [Function],
  "baseElement": <body>
    <div>
      <div
        class="mdc-tab-bar-container"
      >
        <div
          class="mdc-tab-bar"
          role="tablist"
        >
          <div
            class="mdc-tab-scroller"
          >
            <div
              class="mdc-tab-scroller__scroll-area mdc-tab-scroller__scroll-area--scroll"
            >
              <div
                class="mdc-tab-scroller__scroll-content"
              >
                <div
                  class="mdc-tab tab mdc-tab--active"
                  role="tab"
                  tabindex="0"
                >
                  <span
                    class="mdc-tab__content"
                  >
                    <span
                      class="mdc-tab__text-label tab__label-field"
                    >
                      <span
                        role="tab"
                        tabindex="0"
                      >
                        Tab 1 Title
                      </span>
                    </span>
                  </span>
                  <span
                    class="mdc-tab-indicator mdc-tab-indicator--active"
                  >
                    <span
                      class="mdc-tab-indicator__content mdc-tab-indicator__content--underline"
                    />
                  </span>
                  <span
                    class="mdc-tab__ripple"
                  />
                </div>
                <div
                  class="mdc-tab tab"
                  role="tab"
                  tabindex="0"
                >
                  <span
                    class="mdc-tab__content"
                  >
                    <span
                      class="mdc-tab__text-label tab__label-field"
                    >
                      <span
                        role="tab"
                        tabindex="0"
                      >
                        Tab 2 Title
                      </span>
                    </span>
                  </span>
                  <span
                    class="mdc-tab-indicator"
                  >
                    <span
                      class="mdc-tab-indicator__content mdc-tab-indicator__content--underline"
                    />
                  </span>
                  <span
                    class="mdc-tab__ripple"
                  />
                </div>
              </div>
            </div>
          </div>
        </div>
        <div>
          <div
            class="mdc-tab-content body-large mdc-tab-content--active"
          />
          <div
            class="mdc-tab-content body-large"
          />
        </div>
      </div>
    </div>
  </body>,
  "container": <div>
    <div
      class="mdc-tab-bar-container"
    >
      <div
        class="mdc-tab-bar"
        role="tablist"
      >
        <div
          class="mdc-tab-scroller"
        >
          <div
            class="mdc-tab-scroller__scroll-area mdc-tab-scroller__scroll-area--scroll"
          >
            <div
              class="mdc-tab-scroller__scroll-content"
            >
              <div
                class="mdc-tab tab mdc-tab--active"
                role="tab"
                tabindex="0"
              >
                <span
                  class="mdc-tab__content"
                >
                  <span
                    class="mdc-tab__text-label tab__label-field"
                  >
                    <span
                      role="tab"
                      tabindex="0"
                    >
                      Tab 1 Title
                    </span>
                  </span>
                </span>
                <span
                  class="mdc-tab-indicator mdc-tab-indicator--active"
                >
                  <span
                    class="mdc-tab-indicator__content mdc-tab-indicator__content--underline"
                  />
                </span>
                <span
                  class="mdc-tab__ripple"
                />
              </div>
              <div
                class="mdc-tab tab"
                role="tab"
                tabindex="0"
              >
                <span
                  class="mdc-tab__content"
                >
                  <span
                    class="mdc-tab__text-label tab__label-field"
                  >
                    <span
                      role="tab"
                      tabindex="0"
                    >
                      Tab 2 Title
                    </span>
                  </span>
                </span>
                <span
                  class="mdc-tab-indicator"
                >
                  <span
                    class="mdc-tab-indicator__content mdc-tab-indicator__content--underline"
                  />
                </span>
                <span
                  class="mdc-tab__ripple"
                />
              </div>
            </div>
          </div>
        </div>
      </div>
      <div>
        <div
          class="mdc-tab-content body-large mdc-tab-content--active"
        />
        <div
          class="mdc-tab-content body-large"
        />
      </div>
    </div>
  </div>,
  "debug": [Function],
  "findAllByAltText": [Function],
  "findAllByDisplayValue": [Function],
  "findAllByLabelText": [Function],
  "findAllByPlaceholderText": [Function],
  "findAllByRole": [Function],
  "findAllByTestId": [Function],
  "findAllByText": [Function],
  "findAllByTitle": [Function],
  "findByAltText": [Function],
  "findByDisplayValue": [Function],
  "findByLabelText": [Function],
  "findByPlaceholderText": [Function],
  "findByRole": [Function],
  "findByTestId": [Function],
  "findByText": [Function],
  "findByTitle": [Function],
  "getAllByAltText": [Function],
  "getAllByDisplayValue": [Function],
  "getAllByLabelText": [Function],
  "getAllByPlaceholderText": [Function],
  "getAllByRole": [Function],
  "getAllByTestId": [Function],
  "getAllByText": [Function],
  "getAllByTitle": [Function],
  "getByAltText": [Function],
  "getByDisplayValue": [Function],
  "getByLabelText": [Function],
  "getByPlaceholderText": [Function],
  "getByRole": [Function],
  "getByTestId": [Function],
  "getByText": [Function],
  "getByTitle": [Function],
  "queryAllByAltText": [Function],
  "queryAllByDisplayValue": [Function],
  "queryAllByLabelText": [Function],
  "queryAllByPlaceholderText": [Function],
  "queryAllByRole": [Function],
  "queryAllByTestId": [Function],
  "queryAllByText": [Function],
  "queryAllByTitle": [Function],
  "queryByAltText": [Function],
  "queryByDisplayValue": [Function],
  "queryByLabelText": [Function],
  "queryByPlaceholderText": [Function],
  "queryByRole": [Function],
  "queryByTestId": [Function],
  "queryByText": [Function],
  "queryByTitle": [Function],
  "rerender": [Function],
  "unmount": [Function],
}
`;
