// Jest Snapshot v1, https://goo.gl/fbAQLP

exports[`Wizard: Work matches snapshot 1`] = `
Object {
  "asFragment": [Function],
  "baseElement": <body>
    <div>
      <div
        class="mdc-layout-grid__cell--span-12"
      >
        <div
          class="material-wizard__card mdc-layout-grid__inner mdc-layout-grid__cell--align-middle"
        >
          <div
            class="mdc-layout-grid__cell mdc-layout-grid__cell--span-5"
          >
            <img
              alt=""
              src="http://example.com/complete-build-with-blocks.png"
            />
          </div>
          <div
            class="mdc-layout-grid__cell mdc-layout-grid__cell--span-7 mdc-layout-grid__cell--align-middle"
          >
            <h3
              class="headline-medium"
            >
              Congrats!
            </h3>
            <p>
              You've installed Material. Click "Finish" and check out the rest of the Getting Started guide to customize your theme, build with Material Blocks, and apply the theme to your site.
            </p>
            <p
              class="body-large"
            >
              Learn about the concepts behind material Design
            </p>
            <div
              class="material-gsm__content-actions"
            >
              <a
                class="mdc-button mdc-button--raised mdc-button--offsite"
                href="https://material.io"
                target="_blank"
              >
                <span
                  class="mdc-button__label"
                >
                  Visit material.io
                </span>
                <i
                  aria-hidden="true"
                  class="material-icons mdc-button__icon trailing-icon"
                >
                  arrow_downward
                </i>
              </a>
            </div>
            <p
              class="body-large"
            >
              Sign up to get updates and news about material design via email
            </p>
            <div
              class="material-gsm__content-actions"
            >
              <a
                class="mdc-button mdc-button--raised mdc-button--offsite"
                href="https://material.io/newsletter"
                target="_blank"
              >
                <span
                  class="mdc-button__label"
                >
                  Subscribe to Newsletter
                </span>
                <i
                  aria-hidden="true"
                  class="material-icons mdc-button__icon trailing-icon"
                >
                  arrow_downward
                </i>
              </a>
            </div>
          </div>
        </div>
      </div>
    </div>
  </body>,
  "container": <div>
    <div
      class="mdc-layout-grid__cell--span-12"
    >
      <div
        class="material-wizard__card mdc-layout-grid__inner mdc-layout-grid__cell--align-middle"
      >
        <div
          class="mdc-layout-grid__cell mdc-layout-grid__cell--span-5"
        >
          <img
            alt=""
            src="http://example.com/complete-build-with-blocks.png"
          />
        </div>
        <div
          class="mdc-layout-grid__cell mdc-layout-grid__cell--span-7 mdc-layout-grid__cell--align-middle"
        >
          <h3
            class="headline-medium"
          >
            Congrats!
          </h3>
          <p>
            You've installed Material. Click "Finish" and check out the rest of the Getting Started guide to customize your theme, build with Material Blocks, and apply the theme to your site.
          </p>
          <p
            class="body-large"
          >
            Learn about the concepts behind material Design
          </p>
          <div
            class="material-gsm__content-actions"
          >
            <a
              class="mdc-button mdc-button--raised mdc-button--offsite"
              href="https://material.io"
              target="_blank"
            >
              <span
                class="mdc-button__label"
              >
                Visit material.io
              </span>
              <i
                aria-hidden="true"
                class="material-icons mdc-button__icon trailing-icon"
              >
                arrow_downward
              </i>
            </a>
          </div>
          <p
            class="body-large"
          >
            Sign up to get updates and news about material design via email
          </p>
          <div
            class="material-gsm__content-actions"
          >
            <a
              class="mdc-button mdc-button--raised mdc-button--offsite"
              href="https://material.io/newsletter"
              target="_blank"
            >
              <span
                class="mdc-button__label"
              >
                Subscribe to Newsletter
              </span>
              <i
                aria-hidden="true"
                class="material-icons mdc-button__icon trailing-icon"
              >
                arrow_downward
              </i>
            </a>
          </div>
        </div>
      </div>
    </div>
  </div>,
  "debug": [Function],
  "findAllByAltText": [Function],
  "findAllByDisplayValue": [Function],
  "findAllByLabelText": [Function],
  "findAllByPlaceholderText": [Function],
  "findAllByRole": [Function],
  "findAllByTestId": [Function],
  "findAllByText": [Function],
  "findAllByTitle": [Function],
  "findByAltText": [Function],
  "findByDisplayValue": [Function],
  "findByLabelText": [Function],
  "findByPlaceholderText": [Function],
  "findByRole": [Function],
  "findByTestId": [Function],
  "findByText": [Function],
  "findByTitle": [Function],
  "getAllByAltText": [Function],
  "getAllByDisplayValue": [Function],
  "getAllByLabelText": [Function],
  "getAllByPlaceholderText": [Function],
  "getAllByRole": [Function],
  "getAllByTestId": [Function],
  "getAllByText": [Function],
  "getAllByTitle": [Function],
  "getByAltText": [Function],
  "getByDisplayValue": [Function],
  "getByLabelText": [Function],
  "getByPlaceholderText": [Function],
  "getByRole": [Function],
  "getByTestId": [Function],
  "getByText": [Function],
  "getByTitle": [Function],
  "queryAllByAltText": [Function],
  "queryAllByDisplayValue": [Function],
  "queryAllByLabelText": [Function],
  "queryAllByPlaceholderText": [Function],
  "queryAllByRole": [Function],
  "queryAllByTestId": [Function],
  "queryAllByText": [Function],
  "queryAllByTitle": [Function],
  "queryByAltText": [Function],
  "queryByDisplayValue": [Function],
  "queryByLabelText": [Function],
  "queryByPlaceholderText": [Function],
  "queryByRole": [Function],
  "queryByTestId": [Function],
  "queryByText": [Function],
  "queryByTitle": [Function],
  "rerender": [Function],
  "unmount": [Function],
}
`;
