// Jest Snapshot v1, https://goo.gl/fbAQLP

exports[`Edit matches snapshot 1`] = `
<Edit
  attributes={
    Object {
      "category": undefined,
      "columns": 3,
      "contentLayout": "text-above-media",
      "displayCommentsCount": true,
      "displayFeaturedImage": true,
      "displayPostAuthor": false,
      "displayPostContent": true,
      "displayPostDate": true,
      "editMode": true,
      "outlined": false,
      "postContentLength": 20,
      "posts": Array [],
      "postsToShow": 12,
      "style": "masonry",
    }
  }
  debouncedSpeak={[Function]}
  speak={[Function]}
/>
`;
