// Jest Snapshot v1, https://goo.gl/fbAQLP

exports[`blocks: material/dark-mode-switch match dark mode switch snapshot 1`] = `
"<!-- wp:material/dark-mode-switch -->
<button class=\\"wp-block-material-dark-mode-switch material-icons mdc-top-app-bar__navigation-icon mdc-icon-button dark-mode__button\\" aria-label=\\"Toggle Dark Mode\\"><span class=\\"mdc-button__ripple\\"></span><span class=\\"dark-mode__icon\\">dark_mode</span></button>
<!-- /wp:material/dark-mode-switch -->"
`;
