// Jest Snapshot v1, https://goo.gl/fbAQLP

exports[`RangeSliderControl matches snapshot 1`] = `
Object {
  "asFragment": [Function],
  "baseElement": <body>
    <div
      aria-atomic="true"
      aria-live="polite"
      aria-relevant="additions text"
      class="a11y-speak-region"
      id="a11y-speak-polite"
      style="position: absolute;margin: -1px;padding: 0;height: 1px;width: 1px;overflow: hidden;clip: rect(1px, 1px, 1px, 1px);-webkit-clip-path: inset(50%);clip-path: inset(50%);border: 0;word-wrap: normal !important;"
    />
    <div
      aria-atomic="true"
      aria-live="assertive"
      aria-relevant="additions text"
      class="a11y-speak-region"
      id="a11y-speak-assertive"
      style="position: absolute;margin: -1px;padding: 0;height: 1px;width: 1px;overflow: hidden;clip: rect(1px, 1px, 1px, 1px);-webkit-clip-path: inset(50%);clip-path: inset(50%);border: 0;word-wrap: normal !important;"
    />
    <div>
      <div
        class="range-slider-control"
        id="range-slider-control-mtb-small_component_radius"
      >
        <div
          class="range-slider-control-header"
        >
          <div
            class="range-slider-control-title"
            role="link"
            tabindex="0"
          >
            <span
              class="customize-control-title range-slider-control-title__item"
            >
              Small Component Radius
            </span>
            <i
              class="material-icons range-slider-control-title__item info-icon"
              title="More info"
            >
              info
            </i>
          </div>
          <span
            class="customize-control-description"
          >
            This is a test description
          </span>
        </div>
        <div
          class="range-slider-control-body"
        >
          <span
            class="range-slider-control-body__item slider"
          >
            <div
              class="components-base-control components-range-control"
            >
              <div
                class="components-base-control__field"
              >
                <input
                  class="components-range-control__slider"
                  id="inspector-range-control-0"
                  max="36"
                  min="0"
                  step="1"
                  type="range"
                  value="10"
                />
                <input
                  class="components-range-control__number"
                  max="36"
                  min="0"
                  step="1"
                  type="number"
                  value="10"
                />
              </div>
            </div>
          </span>
          <span
            class="range-slider-control-body__item"
          >
            <button
              class="mdc-icon-button material-icons"
              disabled=""
              title="Reset"
            >
              undo
            </button>
          </span>
        </div>
      </div>
    </div>
  </body>,
  "container": <div>
    <div
      class="range-slider-control"
      id="range-slider-control-mtb-small_component_radius"
    >
      <div
        class="range-slider-control-header"
      >
        <div
          class="range-slider-control-title"
          role="link"
          tabindex="0"
        >
          <span
            class="customize-control-title range-slider-control-title__item"
          >
            Small Component Radius
          </span>
          <i
            class="material-icons range-slider-control-title__item info-icon"
            title="More info"
          >
            info
          </i>
        </div>
        <span
          class="customize-control-description"
        >
          This is a test description
        </span>
      </div>
      <div
        class="range-slider-control-body"
      >
        <span
          class="range-slider-control-body__item slider"
        >
          <div
            class="components-base-control components-range-control"
          >
            <div
              class="components-base-control__field"
            >
              <input
                class="components-range-control__slider"
                id="inspector-range-control-0"
                max="36"
                min="0"
                step="1"
                type="range"
                value="10"
              />
              <input
                class="components-range-control__number"
                max="36"
                min="0"
                step="1"
                type="number"
                value="10"
              />
            </div>
          </div>
        </span>
        <span
          class="range-slider-control-body__item"
        >
          <button
            class="mdc-icon-button material-icons"
            disabled=""
            title="Reset"
          >
            undo
          </button>
        </span>
      </div>
    </div>
  </div>,
  "debug": [Function],
  "findAllByAltText": [Function],
  "findAllByDisplayValue": [Function],
  "findAllByLabelText": [Function],
  "findAllByPlaceholderText": [Function],
  "findAllByRole": [Function],
  "findAllByTestId": [Function],
  "findAllByText": [Function],
  "findAllByTitle": [Function],
  "findByAltText": [Function],
  "findByDisplayValue": [Function],
  "findByLabelText": [Function],
  "findByPlaceholderText": [Function],
  "findByRole": [Function],
  "findByTestId": [Function],
  "findByText": [Function],
  "findByTitle": [Function],
  "getAllByAltText": [Function],
  "getAllByDisplayValue": [Function],
  "getAllByLabelText": [Function],
  "getAllByPlaceholderText": [Function],
  "getAllByRole": [Function],
  "getAllByTestId": [Function],
  "getAllByText": [Function],
  "getAllByTitle": [Function],
  "getByAltText": [Function],
  "getByDisplayValue": [Function],
  "getByLabelText": [Function],
  "getByPlaceholderText": [Function],
  "getByRole": [Function],
  "getByTestId": [Function],
  "getByText": [Function],
  "getByTitle": [Function],
  "queryAllByAltText": [Function],
  "queryAllByDisplayValue": [Function],
  "queryAllByLabelText": [Function],
  "queryAllByPlaceholderText": [Function],
  "queryAllByRole": [Function],
  "queryAllByTestId": [Function],
  "queryAllByText": [Function],
  "queryAllByTitle": [Function],
  "queryByAltText": [Function],
  "queryByDisplayValue": [Function],
  "queryByLabelText": [Function],
  "queryByPlaceholderText": [Function],
  "queryByRole": [Function],
  "queryByTestId": [Function],
  "queryByText": [Function],
  "queryByTitle": [Function],
  "rerender": [Function],
  "unmount": [Function],
}
`;
